// Jest Snapshot v1, https://goo.gl/fbAQLP

exports[`SheetUtils Creates valid empty character shee View Model 1`] = `
Object {
  "ac": "",
  "age": "",
  "alignment": Object {
    "goodness": "",
    "lawfulness": "",
  },
  "attr": Object {
    "cha": Object {
      "henchmen": "",
      "loyalty": "",
      "reaction": "",
      "value": "",
    },
    "con": Object {
      "hp": "",
      "majorTest": "",
      "minorTest": "",
      "value": "",
    },
    "dex": Object {
      "ac": "",
      "missileToHit": "",
      "surprise": "",
      "value": "",
    },
    "int": Object {
      "languages": "",
      "value": "",
    },
    "str": Object {
      "damage": "",
      "encumbrance": "",
      "majorTest": "",
      "minorTest": "",
      "toHit": "",
      "value": "",
    },
    "wis": Object {
      "mentalSave": "",
      "value": "",
    },
  },
  "classes": Array [],
  "height": "",
  "hp": "",
  "name": "",
  "race": "",
  "rollToHit": Object {
    "-1": "",
    "-10": "",
    "-2": "",
    "-3": "",
    "-4": "",
    "-5": "",
    "-6": "",
    "-7": "",
    "-8": "",
    "-9": "",
    "0": "",
    "1": "",
    "10": "",
    "2": "",
    "3": "",
    "4": "",
    "5": "",
    "6": "",
    "7": "",
    "8": "",
    "9": "",
  },
  "savesVs": Object {
    "aimedMagicItem": "",
    "breathWeapon": "",
    "deathParalysisPoison": "",
    "petrifactionPolymorph": "",
    "spells": "",
  },
  "sex": "",
  "weight": "",
}
`;

exports[`SheetUtils Creates valid empty character stats 1`] = `
Object {
  "ac": "",
  "age": "",
  "alignment": Object {
    "goodness": "",
    "lawfulness": "",
  },
  "attr": Object {
    "cha": Object {
      "henchmen": "",
      "loyalty": "",
      "reaction": "",
      "value": "",
    },
    "con": Object {
      "hp": "",
      "majorTest": "",
      "minorTest": "",
      "value": "",
    },
    "dex": Object {
      "ac": "",
      "missileToHit": "",
      "surprise": "",
      "value": "",
    },
    "int": Object {
      "languages": "",
      "value": "",
    },
    "str": Object {
      "damage": "",
      "encumbrance": "",
      "majorTest": "",
      "minorTest": "",
      "toHit": "",
      "value": "",
    },
    "wis": Object {
      "mentalSave": "",
      "value": "",
    },
  },
  "classes": Array [],
  "height": "",
  "hp": "",
  "name": "",
  "race": "",
  "rollToHit": Object {
    "-1": "",
    "-10": "",
    "-2": "",
    "-3": "",
    "-4": "",
    "-5": "",
    "-6": "",
    "-7": "",
    "-8": "",
    "-9": "",
    "0": "",
    "1": "",
    "10": "",
    "2": "",
    "3": "",
    "4": "",
    "5": "",
    "6": "",
    "7": "",
    "8": "",
    "9": "",
  },
  "savesVs": Object {
    "aimedMagicItem": "",
    "breathWeapon": "",
    "deathParalysisPoison": "",
    "petrifactionPolymorph": "",
    "spells": "",
  },
  "sex": "",
  "weight": "",
}
`;
